// Jest Snapshot v1, https://goo.gl/fbAQLP

exports[`config # validate should error when null is given 1`] = `"[CONFIG]: expected object but received 'null'"`;
