// Jest Snapshot v1, https://goo.gl/fbAQLP

exports[`Identity Provider # Client should be possible to authenticate 1`] = `
Object {
  "data": undefined,
  "headers": Object {
    "Accept": "application/json, text/plain, */*",
    "Authorization": "Bearer rMOUIcH85oh44KD7RM4XRk7jFPiG8RMLi2IPqFsQ",
  },
  "method": "get",
  "params": undefined,
  "url": "https://example.com/integrations/proxy",
}
`;

exports[`Identity Provider # Client should error when client_id is not given 1`] = `"[IDENTITY PROVIDER]: client_id is a required option for \`Client\`"`;

exports[`Identity Provider # Client should error when no options are given 1`] = `"[IDENTITY PROVIDER]: client_id is a required option for \`Client\`"`;

exports[`Identity Provider # Client should error when realm is not given 1`] = `"[IDENTITY PROVIDER]: realm is a required option for \`Client\`"`;
